waiting for EPIPE
waiting for EPIPE
waiting for EPIPE
waiting for EPIPE
waiting for EPIPE
waiting for EPIPE
waiting for EPIPE
waiting for EPIPE
waiting for EPIPE
waiting for EPIPE
waiting for EPIPE
waiting for EPIPE
waiting for EPIPE
waiting for EPIPE
waiting for EPIPE
waiting for EPIPE
waiting for EPIPE
waiting for EPIPE
waiting for EPIPE
waiting for EPIPE
